// Jest Snapshot v1, https://goo.gl/fbAQLP

exports[`Person credits test Renders a Person credits component 1`] = `
<div>
  <div
    class="content-row-2"
  >
    <h1>
      Other Credits
    </h1>
    <div
      data-testid="response"
    >
      [{"cast":[{"id":74,"character":"Ray Ferrier","original_title":"War of the Worlds","overview":"Ray Ferrier is a divorced dockworker and less-than-perfect father. Soon after his ex-wife and her new husband drop of his teenage son and young daughter for a rare weekend visit, a strange and powerful lightning storm touches down.","vote_count":4208,"video":false,"media_type":"movie","poster_path":"/xXMM9KY2eq1SDOQif9zO91YOBA8.jpg","backdrop_path":"/bwTb66gicrB7HbkogwNs9V37Ddb.jpg","popularity":16.077,"title":"War of the Worlds","original_language":"en","genre_ids":[12,878,53],"vote_average":6.3,"adult":false,"release_date":"2005-06-29","credit_id":"52fe4213c3a36847f800226b"}]}]
    </div>
  </div>
</div>
`;
