// Jest Snapshot v1, https://goo.gl/fbAQLP

exports[`Movie Detail tests Renders an Age component 1`] = `
<div
  style="display: flex; flex-direction: row; align-items: center; font-size: smaller;"
>
  <svg
    aria-hidden="true"
    class="MuiSvgIcon-root-1"
    focusable="false"
    role="presentation"
    viewBox="0 0 24 24"
  >
    <path
      d="M0 0h24v24H0z"
      fill="none"
    />
    <path
      d="M12 2c1.1 0 2 .9 2 2s-.9 2-2 2-2-.9-2-2 .9-2 2-2zm9 7h-6v13h-2v-6h-2v6H9V9H3V7h18v2z"
    />
  </svg>
  Sunday 22nd July 1984
   - 
   (
  34
   years old)
</div>
`;
