// Jest Snapshot v1, https://goo.gl/fbAQLP

exports[`Auto complete tests Renders an auto complete component with [mockMovieItem, mockTvItem, mockPersonItem] 1`] = `
<div
  aria-expanded="false"
  aria-haspopup="listbox"
  aria-labelledby="downshift-0-label"
  data-testid="downshift-autocomplete"
  role="combobox"
>
  <div
    class="MuiPaper-root-5 MuiPaper-elevation2-9 MuiPaper-rounded-6 BasicSearchInput-root-1"
    data-testid="basicsearchinput"
  >
    <div
      aria-autocomplete="list"
      aria-labelledby="downshift-0-label"
      class="MuiInputBase-root-32 MuiInputBase-focused-34 BasicSearchInput-input-2"
      data-testid="basicsearchinput-input"
      label="Search for Movie, TV show or Actor"
    >
      <input
        autocomplete="off"
        class="MuiInputBase-input-42"
        id="downshift-0-input"
        placeholder="Search Movies, TV Shows and Actors"
        type="text"
        value=""
      />
    </div>
    <hr
      class="MuiDivider-root-49 BasicSearchInput-divider-4"
    />
    <button
      aria-label="Search"
      class="MuiButtonBase-root-60 MuiIconButton-root-54 MuiIconButton-colorPrimary-56 BasicSearchInput-iconButton-3"
      data-testid="basicsearchinput-search-button"
      tabindex="0"
      type="button"
    >
      <span
        class="MuiIconButton-label-59"
      >
        <svg
          aria-hidden="true"
          class="MuiSvgIcon-root-63"
          focusable="false"
          role="presentation"
          viewBox="0 0 24 24"
        >
          <path
            d="M15.5 14h-.79l-.28-.27C15.41 12.59 16 11.11 16 9.5 16 5.91 13.09 3 9.5 3S3 5.91 3 9.5 5.91 16 9.5 16c1.61 0 3.09-.59 4.23-1.57l.27.28v.79l5 4.99L20.49 19l-4.99-5zm-6 0C7.01 14 5 11.99 5 9.5S7.01 5 9.5 5 14 7.01 14 9.5 11.99 14 9.5 14z"
          />
          <path
            d="M0 0h24v24H0z"
            fill="none"
          />
        </svg>
      </span>
      <span
        class="MuiTouchRipple-root-72"
      />
    </button>
  </div>
</div>
`;
