// Jest Snapshot v1, https://goo.gl/fbAQLP

exports[`Asset Tile tests Renders a component with a navigate back wrapper 1`] = `
<div>
  <div
    class="pointer-hover"
    style="display: flex; flex-direction: row; align-items: flex-start; justify-content: flex-start;"
  >
    <svg
      aria-hidden="true"
      class="MuiSvgIcon-root-1"
      focusable="false"
      role="presentation"
      viewBox="0 0 24 24"
    >
      <path
        d="M0 0h24v24H0z"
        fill="none"
      />
      <path
        d="M20 11H7.83l5.59-5.59L12 4l-8 8 8 8 1.41-1.41L7.83 13H20v-2z"
      />
    </svg>
    <p>
      Test
    </p>
  </div>
</div>
`;
