// Jest Snapshot v1, https://goo.gl/fbAQLP

exports[`byIdLoader hook Uses the loading hook correctly 1`] = `
<div>
  {"response":{"payload":{"id":1,"data":"This is a mock component to exercise the hook"}}}
</div>
`;
