// Jest Snapshot v1, https://goo.gl/fbAQLP

exports[`Trending component Renders as expected Renders a component with a navigate back wrapper 1`] = `
<div>
  <div
    class="genres-wrapper"
  >
    <div
      class="pointer-hover"
      style="display: flex; flex-direction: row; align-items: flex-start; justify-content: flex-start;"
    >
      <svg
        aria-hidden="true"
        class="MuiSvgIcon-root-1"
        focusable="false"
        role="presentation"
        viewBox="0 0 24 24"
      >
        <path
          d="M0 0h24v24H0z"
          fill="none"
        />
        <path
          d="M20 11H7.83l5.59-5.59L12 4l-8 8 8 8 1.41-1.41L7.83 13H20v-2z"
        />
      </svg>
      <h1
        class="bold-header-uppercase"
      >
        Genres
      </h1>
    </div>
    <p>
      Most popular movies in each Genre
    </p>
    <div
      data-testid="genre-category-1"
    >
      <h1>
        test-genre1
      </h1>
      <div
        class="spacer"
      >
        <div
          style="display: flex; flex-wrap: wrap; justify-content: space-between; overflow: hidden;"
        >
          <ul
            class="MuiGridList-root-10"
            data-testid="asset-grid"
            style="margin: -2px; flex-wrap: nowrap; transform: translateZ(0); padding-top: 3px; padding-bottom: 3px;"
          >
            <div
              class="MuiGridListTile-root-11 pointer-hover image-tile"
              data-testid="0_movieItem"
              style="padding: 5px; height: 225px; width: 150px;"
            >
              <div
                class="MuiGridListTile-tile-12"
              >
                <img
                  alt="movieItem"
                  src="http://image.tmdb.org/t/p/w300/undefined"
                />
                <div
                  class="MuiGridListTileBar-root-15 MuiGridListTileBar-titlePositionBottom-16"
                >
                  <div
                    class="MuiGridListTileBar-titleWrap-19"
                  >
                    <div
                      class="MuiGridListTileBar-title-22"
                    >
                      movieItem
                    </div>
                  </div>
                </div>
              </div>
            </div>
          </ul>
        </div>
      </div>
    </div>
    <div
      data-testid="genre-category-2"
    >
      <h1>
        test-genre2
      </h1>
      <div
        class="spacer"
      >
        <div
          style="display: flex; flex-wrap: wrap; justify-content: space-between; overflow: hidden;"
        >
          <ul
            class="MuiGridList-root-10"
            data-testid="asset-grid"
            style="margin: -2px; flex-wrap: nowrap; transform: translateZ(0); padding-top: 3px; padding-bottom: 3px;"
          >
            <div
              class="MuiGridListTile-root-11 pointer-hover image-tile"
              data-testid="0_movieItem"
              style="padding: 5px; height: 225px; width: 150px;"
            >
              <div
                class="MuiGridListTile-tile-12"
              >
                <img
                  alt="movieItem"
                  src="http://image.tmdb.org/t/p/w300/undefined"
                />
                <div
                  class="MuiGridListTileBar-root-15 MuiGridListTileBar-titlePositionBottom-16"
                >
                  <div
                    class="MuiGridListTileBar-titleWrap-19"
                  >
                    <div
                      class="MuiGridListTileBar-title-22"
                    >
                      movieItem
                    </div>
                  </div>
                </div>
              </div>
            </div>
          </ul>
        </div>
      </div>
    </div>
  </div>
</div>
`;
